// Jest Snapshot v1, https://goo.gl/fbAQLP

exports[`ProfileSearch component renders ProfileSearch 1`] = `
<DocumentFragment>
  <input />
  <button>
    Search Github Profiles
  </button>
</DocumentFragment>
`;
