// Jest Snapshot v1, https://goo.gl/fbAQLP

exports[`Profile component renders Profile 1`] = `
<DocumentFragment>
  <p>
    Please Make a Search
  </p>
</DocumentFragment>
`;
